Path:  1
Minimum cost: 0
Mean total time: 0.000027 seconds
