Path:  1 2 3 4 5 6 1
Minimum cost: 1248
Mean total time: 0.103544 seconds
