Path:  1
Minimum cost: 0
Mean total time: 0.106500 seconds
