Path:  1 2 1
Minimum cost: 21
Mean total time: 0.001007 seconds
