Path:  1 2 4 3 1
Minimum cost: 80
Mean total time: 0.002731 seconds
