Path:  1 2 3 1
Minimum cost: 1912
Mean total time: 0.002372 seconds
